// Jest Snapshot v1, https://goo.gl/fbAQLP

exports[`Error tests renders properly 1`] = `<styles__StyledErrorMessage />`;
