// Jest Snapshot v1, https://goo.gl/fbAQLP

exports[`Message tests renders properly 1`] = `
<styles__MessageWrapper>
  <styles__MessageContent />
</styles__MessageWrapper>
`;
