// Jest Snapshot v1, https://goo.gl/fbAQLP

exports[`EmptyResult tests renders properly 1`] = `ShallowWrapper {}`;
