// Jest Snapshot v1, https://goo.gl/fbAQLP

exports[`CountryFlag tests renders properly 1`] = `
<styles__CountryFlag
  country="ru"
/>
`;
